============================================================
  Generated by:           Genus(TM) Synthesis Solution GENUS15.20 - 15.20-p004_1
  Generated on:           Apr 19 2024  11:01:49 am
  Module:                 mux
  Wireload mode:          top
  Area mode:              timing library
============================================================


Path 1: MET (4271 ps) Setup Check with Pin out_reg[3]/CLK->D
     Startpoint: (R) sel
          Clock: (R) clk
       Endpoint: (R) out_reg[3]/D
          Clock: (R) clk

                     Capture       Launch     
        Clock Edge:+   10000            0     
       Src Latency:+       0            0     
       Net Latency:+       0 (I)        0 (I) 
           Arrival:=   10000            0     
                                              
             Setup:-      80                  
     Required Time:=    9920                  
      Launch Clock:-       0                  
       Input Delay:-    5000                  
         Data Path:-     648                  
             Slack:=    4271                  

#-----------------------------------------------------------------------------------------------
#  Timing Point   Flags   Arc   Edge           Cell             Fanout Load Trans Delay Arrival 
#                                                                      (fF)  (ps)  (ps)   (ps)  
#-----------------------------------------------------------------------------------------------
  sel             -       -     R     (arrival)                      1  2.5     0     0    5000 
  drc_buf_sp152/X -       A->X  R     sky130_fd_sc_hd__buf_1         2  9.7   124   124    5124 
  g3/X            -       B->X  R     sky130_fd_sc_hd__xor2_1        1  2.8   114   158    5282 
  g142/Y          -       B->Y  F     sky130_fd_sc_hd__nand2b_1      2  7.2    71    98    5380 
  g126/Y          -       B->Y  R     sky130_fd_sc_hd__nor2_1        1  4.8   112   119    5499 
  g123/X          -       A->X  R     sky130_fd_sc_hd__xor2_1        1  2.3   104   146    5644 
  out_reg[3]/D    -       -     R     sky130_fd_sc_hd__dfrtp_1       1    -     -     4    5648 
#-----------------------------------------------------------------------------------------------



Path 2: MET (4362 ps) Setup Check with Pin out_reg[2]/CLK->D
     Startpoint: (R) sel
          Clock: (R) clk
       Endpoint: (F) out_reg[2]/D
          Clock: (R) clk

                     Capture       Launch     
        Clock Edge:+   10000            0     
       Src Latency:+       0            0     
       Net Latency:+       0 (I)        0 (I) 
           Arrival:=   10000            0     
                                              
             Setup:-     124                  
     Required Time:=    9876                  
      Launch Clock:-       0                  
       Input Delay:-    5000                  
         Data Path:-     514                  
             Slack:=    4362                  

#-----------------------------------------------------------------------------------------------
#  Timing Point   Flags   Arc   Edge           Cell             Fanout Load Trans Delay Arrival 
#                                                                      (fF)  (ps)  (ps)   (ps)  
#-----------------------------------------------------------------------------------------------
  sel             -       -     R     (arrival)                      1  2.5     0     0    5000 
  drc_buf_sp152/X -       A->X  R     sky130_fd_sc_hd__buf_1         2  9.7   124   124    5124 
  g3/X            -       B->X  R     sky130_fd_sc_hd__xor2_1        1  2.8   114   158    5282 
  g142/Y          -       B->Y  F     sky130_fd_sc_hd__nand2b_1      2  7.2    71    98    5380 
  g2/Y            -       B->Y  F     sky130_fd_sc_hd__xnor2_1       1  2.2    43   130    5510 
  out_reg[2]/D    -       -     F     sky130_fd_sc_hd__dfrtp_1       1    -     -     4    5514 
#-----------------------------------------------------------------------------------------------



Path 3: MET (4625 ps) Late External Delay Assertion at pin out[2]
     Startpoint: (R) out_reg[2]/CLK
          Clock: (R) clk
       Endpoint: (F) out[2]
          Clock: (R) clk

                     Capture       Launch     
        Clock Edge:+   10000            0     
       Src Latency:+       0            0     
       Net Latency:+       0 (I)        0 (I) 
           Arrival:=   10000            0     
                                              
      Output Delay:-    5000                  
     Required Time:=    5000                  
      Launch Clock:-       0                  
         Data Path:-     375                  
             Slack:=    4625                  

#----------------------------------------------------------------------------------------------
# Timing Point   Flags    Arc   Edge           Cell            Fanout Load Trans Delay Arrival 
#                                                                     (fF)  (ps)  (ps)   (ps)  
#----------------------------------------------------------------------------------------------
  out_reg[2]/CLK -       -      R     (arrival)                     4    -     0     -       0 
  out_reg[2]/Q   -       CLK->Q F     sky130_fd_sc_hd__dfrtp_1      4  9.7    71   374     374 
  out[2]         -       -      F     (port)                        -    -     -     0     375 
#----------------------------------------------------------------------------------------------



Path 4: MET (4640 ps) Setup Check with Pin out_reg[1]/CLK->D
     Startpoint: (F) sel
          Clock: (R) clk
       Endpoint: (F) out_reg[1]/D
          Clock: (R) clk

                     Capture       Launch     
        Clock Edge:+   10000            0     
       Src Latency:+       0            0     
       Net Latency:+       0 (I)        0 (I) 
           Arrival:=   10000            0     
                                              
             Setup:-     128                  
     Required Time:=    9872                  
      Launch Clock:-       0                  
       Input Delay:-    5000                  
         Data Path:-     232                  
             Slack:=    4640                  

#----------------------------------------------------------------------------------------------
#  Timing Point   Flags   Arc   Edge           Cell            Fanout Load Trans Delay Arrival 
#                                                                     (fF)  (ps)  (ps)   (ps)  
#----------------------------------------------------------------------------------------------
  sel             -       -     F     (arrival)                     1  2.3     0     0    5000 
  drc_buf_sp152/X -       A->X  F     sky130_fd_sc_hd__buf_1        2  9.2    61   102    5102 
  g143/Y          -       B->Y  F     sky130_fd_sc_hd__xnor2_1      1  2.2    52   126    5229 
  out_reg[1]/D    -       -     F     sky130_fd_sc_hd__dfrtp_1      1    -     -     4    5232 
#----------------------------------------------------------------------------------------------



Path 5: MET (4641 ps) Late External Delay Assertion at pin out[0]
     Startpoint: (R) out_reg[0]/CLK
          Clock: (R) clk
       Endpoint: (F) out[0]
          Clock: (R) clk

                     Capture       Launch     
        Clock Edge:+   10000            0     
       Src Latency:+       0            0     
       Net Latency:+       0 (I)        0 (I) 
           Arrival:=   10000            0     
                                              
      Output Delay:-    5000                  
     Required Time:=    5000                  
      Launch Clock:-       0                  
         Data Path:-     359                  
             Slack:=    4641                  

#----------------------------------------------------------------------------------------------
# Timing Point   Flags    Arc   Edge           Cell            Fanout Load Trans Delay Arrival 
#                                                                     (fF)  (ps)  (ps)   (ps)  
#----------------------------------------------------------------------------------------------
  out_reg[0]/CLK -       -      R     (arrival)                     4    -     0     -       0 
  out_reg[0]/Q   -       CLK->Q F     sky130_fd_sc_hd__dfrbp_1      1  0.3    36   359     359 
  out[0]         -       -      F     (port)                        -    -     -     0     359 
#----------------------------------------------------------------------------------------------



Path 6: MET (4652 ps) Late External Delay Assertion at pin out[1]
     Startpoint: (R) out_reg[1]/CLK
          Clock: (R) clk
       Endpoint: (F) out[1]
          Clock: (R) clk

                     Capture       Launch     
        Clock Edge:+   10000            0     
       Src Latency:+       0            0     
       Net Latency:+       0 (I)        0 (I) 
           Arrival:=   10000            0     
                                              
      Output Delay:-    5000                  
     Required Time:=    5000                  
      Launch Clock:-       0                  
         Data Path:-     348                  
             Slack:=    4652                  

#----------------------------------------------------------------------------------------------
# Timing Point   Flags    Arc   Edge           Cell            Fanout Load Trans Delay Arrival 
#                                                                     (fF)  (ps)  (ps)   (ps)  
#----------------------------------------------------------------------------------------------
  out_reg[1]/CLK -       -      R     (arrival)                     4    -     0     -       0 
  out_reg[1]/Q   -       CLK->Q F     sky130_fd_sc_hd__dfrtp_1      2  4.8    50   348     348 
  out[1]         -       -      F     (port)                        -    -     -     0     348 
#----------------------------------------------------------------------------------------------



Path 7: MET (4652 ps) Late External Delay Assertion at pin out[3]
     Startpoint: (R) out_reg[3]/CLK
          Clock: (R) clk
       Endpoint: (F) out[3]
          Clock: (R) clk

                     Capture       Launch     
        Clock Edge:+   10000            0     
       Src Latency:+       0            0     
       Net Latency:+       0 (I)        0 (I) 
           Arrival:=   10000            0     
                                              
      Output Delay:-    5000                  
     Required Time:=    5000                  
      Launch Clock:-       0                  
         Data Path:-     348                  
             Slack:=    4652                  

#----------------------------------------------------------------------------------------------
# Timing Point   Flags    Arc   Edge           Cell            Fanout Load Trans Delay Arrival 
#                                                                     (fF)  (ps)  (ps)   (ps)  
#----------------------------------------------------------------------------------------------
  out_reg[3]/CLK -       -      R     (arrival)                     4    -     0     -       0 
  out_reg[3]/Q   -       CLK->Q F     sky130_fd_sc_hd__dfrtp_1      2  4.7    50   348     348 
  out[3]         -       -      F     (port)                        -    -     -     0     348 
#----------------------------------------------------------------------------------------------



Path 8: MET (9367 ps) Setup Check with Pin out_reg[0]/CLK->D
     Startpoint: (R) out_reg[0]/CLK
          Clock: (R) clk
       Endpoint: (R) out_reg[0]/D
          Clock: (R) clk

                     Capture       Launch     
        Clock Edge:+   10000            0     
       Src Latency:+       0            0     
       Net Latency:+       0 (I)        0 (I) 
           Arrival:=   10000            0     
                                              
             Setup:-      96                  
     Required Time:=    9904                  
      Launch Clock:-       0                  
         Data Path:-     537                  
             Slack:=    9367                  

#------------------------------------------------------------------------------------------------
# Timing Point   Flags     Arc    Edge           Cell            Fanout Load Trans Delay Arrival 
#                                                                       (fF)  (ps)  (ps)   (ps)  
#------------------------------------------------------------------------------------------------
  out_reg[0]/CLK -       -        R     (arrival)                     4    -     0     -       0 
  out_reg[0]/Q_N -       CLK->Q_N R     sky130_fd_sc_hd__dfrbp_1      5 17.5   164   534     534 
  out_reg[0]/D   -       -        R     sky130_fd_sc_hd__dfrbp_1      5    -     -     3     537 
#------------------------------------------------------------------------------------------------

Some unconstrained paths have not been displayed.
Use -unconstrained or set the root attribute 'timing_report_unconstrained' to 'true' to see only these unconstrained paths.

