============================================================
  Generated by:           Genus(TM) Synthesis Solution GENUS15.20 - 15.20-p004_1
  Generated on:           Apr 19 2024  11:01:49 am
  Module:                 mux
  Wireload mode:          top
  Area mode:              timing library
============================================================

Timing
--------

Clock  Period 
--------------
clk   10000.0 


  Cost    Critical       Violating 
 Group   Path Slack TNS    Paths   
-----------------------------------
default      4271.2   0          0 
-----------------------------------
Total                 0          0 

Instance Count
--------------
Leaf Instance Count             13 
Sequential Instance Count        4 
Combinational Instance Count     9 
Hierarchical Instance Count      0 

Area
----
Cell Area                          170.163
Physical Cell Area                 0.000
Total Cell Area (Cell+Physical)    170.163
Net Area                           0.000
Total Area (Cell+Physical+Net)     170.163

Max Fanout                         5 (n_4)
Min Fanout                         1 (n_3)
Average Fanout                     2.1
Terms to net ratio                 2.6
Terms to instance ratio            3.5
Runtime                            8.974 seconds
Elapsed Runtime                    11 seconds
RC peak memory usage:              440.73 
EDI peak memory usage:             no_value 
Hostname                           centos7
